// Jest Snapshot v1, https://goo.gl/fbAQLP

exports[`Single Article test Renders as designed 1`] = `
<li>
  <Link
    replace={false}
    to="/articles/undefined"
  >
    <img />
    <h2>
      <strong />
       (
      )
    </h2>
  </Link>
</li>
`;

exports[`Single Article test Renders without image 1`] = `
<li>
  <Link
    replace={false}
    to="/articles/undefined"
  >
    <img />
    <h2>
      <strong />
       (
      )
    </h2>
  </Link>
</li>
`;
